----------------------------------------------------------------------------------------------------------------
CAT6TS5TC1                                                                                                      
<IGNORE>
<IGNORE>
----------------------------------------------------------------------------------------------------------------

 
 
 
 
 
 
 
 
             *                             *******   **  *******   *******      
            ***               **           **    **  **  **    **  **           
           ** **            ******         **    **  **  **    **  **           
          **   **    **   **  **   *****   *******   **  *******   *****        
         *********   **   **  **  **   **  **        **  **        **           
        **       **  **   **  **  **   **  **        **  **        **           
       **         **  *****   **   *****   **        **  **        *******      
 
 
 
 
                     Pipe Stress Analysis and Design Program                    
                                                                                
<IGNORE>
                                                                                
                                Edition: Nuclear                                
                                                                                
                           Developed and Maintained by                          
                                                                                
<IGNORE>
                    1065 N. PACIFIC CENTER DRIVE, SUITE 450                     
                               ANAHEIM, CA   92806                              

----------------------------------------------------------------------------------------------------------------
CAT6TS5TC1                                                                                                      
<IGNORE>
<IGNORE>
----------------------------------------------------------------------------------------------------------------

 
 
 
 
          ************************************************************
          **                                                        **
          **              AUTOPIPE SYSTEM INFORMATION               **
          **                                                        **
          ************************************************************
 
 
 
          SYSTEM NAME : CAT6TS5TC1                                      
 
 
          PROJECT ID  :                                         
                                                                
 
 
          PREPARED BY  : ______________________________
                                                 
 
          CHECKED BY   : ______________________________
                                                 
 
          1ST APPROVER : ______________________________
                                                 
 
          2ND APPROVER : ______________________________
                                                 
 
 
          PIPING CODE            : ASME B31.1              
 
          YEAR                   : 2016                            
 
          VERTICAL AXIS          : Y
 
          AMBIENT TEMPERATURE    :   70.0 deg F    
 
          COMPONENT LIBRARY      : AUTOPIPE
 
          MATERIAL LIBRARY       : B311-16 
 
<IGNORE>

----------------------------------------------------------------------------------------------------------------
CAT6TS5TC1                                                                                                      
<IGNORE>
<IGNORE>
----------------------------------------------------------------------------------------------------------------

                              D E S C R I P T I O N                                                             
                              ---------------------                                                             
                                                                                                                

----------------------------------------------------------------------------------------------------------------
CAT6TS5TC1                                                                                                      
<IGNORE>
<IGNORE>
----------------------------------------------------------------------------------------------------------------

                            T A B L E  O F  C O N T E N T S                     
                                                                                
     Valve...........................................................................    1                      

----------------------------------------------------------------------------------------------------------------
CAT6TS5TC1                                                                                                      
<IGNORE>
<IGNORE>
----------------------------------------------------------------------------------------------------------------

                    V A L V E   D A T A   L I S T I N G                                                         
                              Valve   Actuator       Actuator                            Size  Type             
 Point          Dnom  Length  Weight  Weight    DX      DY      DZ          Joint        /Avg. /Max.            
 Name   Type    (in)   (ft)   (lb)    (lb)     (ft)    (ft)    (ft)    SAF  Type    SIF  (in)  (in)             
 ----- -------- ---- -------- ------  ------  ------- ------- ------- ----- ------- ---- ----- -----            
 
 Tag No. : <None>                                                               
 A01   CATALOG    12     1.65    580                                   4.00 BW      1.00  0.00  0.00            
 
 
 Size/Avg. = Weld Size for SO/SW, Avg. offset for BW, Joint offset for BWT      
 Type/Max. = Socket welding type for SW, Maximum offset for BW,                 
             Concave or Convex for SW and SO (JSME)                             

----------------------------------------------------------------------------------------------------------------
CAT6TS5TC1                                                                                                      
<IGNORE>
<IGNORE>
----------------------------------------------------------------------------------------------------------------

                   C A T A L O G   V A L V E   D A T A   L I S T I N G                                          
 Point Name  : A01                                                              
 Manufacturer: AutoPIPE Generic                                                 
 Standard    : ANSI/ASME                                                        
 Sub Category: Gate Valves                                                      
 Type        : Gate Valves                                                      
 Main End    : BW                                                               
 Rating      : 150                                                              
                                                                                

