----------------------------------------------------------------------------------------------------------------
B31-1                                                                                                           
11/17/2016 LOADCASES AND COMBINATIONS                                              BENTLEY                      
12:05 PM                                                                           AutoPIPE Nuclear 11.00.00.12 
----------------------------------------------------------------------------------------------------------------

 
 
 
 
 
 
 
 
             *                             *******   **  *******   *******      
            ***               **           **    **  **  **    **  **           
           ** **            ******         **    **  **  **    **  **           
          **   **    **   **  **   *****   *******   **  *******   *****        
         *********   **   **  **  **   **  **        **  **        **           
        **       **  **   **  **  **   **  **        **  **        **           
       **         **  *****   **   *****   **        **  **        *******      
 
 
 
 
                     Pipe Stress Analysis and Design Program                    
                                                                                
                                Version: 11.00.00.12                            
                                                                                
                                Edition: Nuclear                                
                                                                                
                           Developed and Maintained by                          
                                                                                
                          BENTLEY SYSTEMS, INCORPORATED                         
                          1600 Riviera Ave., Suite 300                          
                             Walnut Creek, CA  94596                            

----------------------------------------------------------------------------------------------------------------
B31-1                                                                                                           
11/17/2016 LOADCASES AND COMBINATIONS                                              BENTLEY                      
12:05 PM                                                                           AutoPIPE Nuclear 11.00.00.12 
----------------------------------------------------------------------------------------------------------------

 
 
 
 
          ************************************************************
          **                                                        **
          **              AUTOPIPE SYSTEM INFORMATION               **
          **                                                        **
          ************************************************************
 
 
 
          SYSTEM NAME : B31-1                                           
 
 
          PROJECT ID  : LOADCASES AND COMBINATIONS              
                                                                
 
 
          PREPARED BY  : ______________________________
                         MK                      
 
          CHECKED BY   : ______________________________
                                                 
 
          1ST APPROVER : ______________________________
                                                 
 
          2ND APPROVER : ______________________________
                                                 
 
 
          PIPING CODE            : ASME B31.1              
 
          YEAR                   : 2004                            
 
          VERTICAL AXIS          : Y
 
          AMBIENT TEMPERATURE    :   68.0 deg F    
 
          COMPONENT LIBRARY      : AUTOPIPE
 
          MATERIAL LIBRARY       : B311-04 
 
          MODEL REVISION NUMBER  :     1

----------------------------------------------------------------------------------------------------------------
B31-1                                                                                                           
11/17/2016 LOADCASES AND COMBINATIONS                                              BENTLEY                      
12:05 PM                                                                           AutoPIPE Nuclear 11.00.00.12 
----------------------------------------------------------------------------------------------------------------

                            T A B L E  O F  C O N T E N T S                     
                                                                                
     Components......................................................................    1                      
     Coordinates.....................................................................    4                      
     Pipe Properties.................................................................    5                      
     Material Properties.............................................................    6                      
     Material Allowables.............................................................    7                      
     Temperature and Pressure........................................................    8                      
     Forces and Displacement.........................................................    9                      
     Support.........................................................................   10                      
     Bend............................................................................   11                      
     Tee.............................................................................   12                      
     Valve...........................................................................   13                      
     Flange..........................................................................   15                      

----------------------------------------------------------------------------------------------------------------
B31-1                                                                                                           
11/17/2016 LOADCASES AND COMBINATIONS                             BENTLEY                                       
12:05 PM                                                          AutoPIPE Nuclear 11.00.00.12   MODEL  PAGE   1
----------------------------------------------------------------------------------------------------------------

                  C O M P O N E N T   D A T A   L I S T I N G                                                   
                                                                                                                
 -------------------------------------------------------------------------------
 *** SEGMENT A                                                                  
 
 -------------------------------------------------------------------------------
 From A00 to A01, DX= 4.00 ft                                               Run 
 
 PIPE DATA:                                                                     
   Pipe Id= 6, Material= A403-WP316, Poisson= 0.300, Nom Size= 6 in, OD= 6.625 inch, Sch= 10S,                  
   Wall Thk= 0.134 inch, Mill= 0.017 inch, Cor= 0 inch, Pipe Density= 501.00 lb/cu.ft,                          
   Pipe Unit Wgt= 9.51 lb/ft, Insul Thk= 0 inch, Cladding Thickness = 0 inch, Lining Thk= 0 inch,               
   Long Weld factor= 1.00, Circ Weld factor= 1.00, Long Modulus= 28.30941 E6 psi, Hoop Modulus= 28.30941 E6 psi,
   Shear Modulus= 10.88824 E6 psi, Sc= 18800.0 psi, Syc= 30000.0 psi            
 
 OPERATING DATA:                                                                
   P1= 145.04 psi, P2= 145.04 psi, P3= 145.04 psi, T1= 86.00 deg F, T2= 86.00 deg F, T3= 86.00 deg F,           
   Exp1= 0.19172 in/100ft, Exp2= 0.19172 in/100ft, Exp3= 0.19172 in/100ft, E1= 28.21385 E6 psi,                 
   E2= 28.21385 E6 psi, E3= 28.21385 E6 psi, Sh1= 18800.00 psi, Sh2= 18800.00 psi, Sh3= 18800.00 psi            
 
 POINT DATA:                                                                    
   A00, Coordinates, X= 0.00 ft, Y= 0.00 ft, Z= 0.00 ft                         
   A00, Forces/Moments, Load= U7, FY= 4 lbf                                     
   A00, Displacements, Load= U92, DY= 4000.00 in, DZ= 5.00 in                   
 
 SUPPORT DATA:                                                                  
   A00, Anchor, KTX= Rigid, KTY= Rigid, KTZ= Rigid, KRX= Rigid, KRY= Rigid, KRZ= Rigid                          
 
 -------------------------------------------------------------------------------
 From A01 to A10, DX= 1.38 ft                                               Valv
 
 COMPONENT DATA (Valve):                                                        
   Manufacturer = AutoPIPE Generic, Standard = ANSI/ASME, Sub Category = Gate Valves, Type = Gate Valves,       
   MainEnd = FL, Rating= 300, Length= 1.38 ft, Valve weight = 500 lb, Surface factor= 5.10, End type= Weld neck,
   SIF= 1.00                                                                    
 
 POINT DATA:                                                                    
   A01, Coordinates, X= 4.00 ft, Y= 0.00 ft, Z= 0.00 ft                         
   A01, Flange= WELDNECK, Rating= Non standard, Flange Weight= 24.30 lb, Bolt/Nut Weight= 0.00 lb,              
   End type= Weld neck, SIF= 1.00, Perform ANSI check= No                       
   A01, Displacements, Load= U14, DX= 1.00 in, DY= 2.00 in, DZ= 3.00 in         
   A01 M, Coordinates, X= 4.69 ft, Y= 0.00 ft, Z= 0.00 ft                       
 
 -------------------------------------------------------------------------------
 From A10 to A02, DX= 2.62 ft                                               Run 
 
 POINT DATA:                                                                    
   A10, Coordinates, X= 5.38 ft, Y= 0.00 ft, Z= 0.00 ft                         
   A10, Flange= WELDNECK, Rating= Non standard, Flange Weight= 24.30 lb, Bolt/Nut Weight= 0.00 lb,              
   End type= Weld neck, SIF= 1.00, Perform ANSI check= No                       
   A10, Forces/Moments, Load= U32, FX= 1 lbf, FY= 2 lbf, FZ= 1 lbf              
 
 -------------------------------------------------------------------------------
 From A02 to A03, DY= 4.00 ft                                               Bend
 
 COMPONENT DATA (Bend, TIP= A02, Near= A02 N, Far= A02 F):                      
   Long Elbow, Radius= 9.00 inch, Bend angle= 90.00 deg, End flanges= 0, Flex= Auto, SIF= 3.82                  
 

----------------------------------------------------------------------------------------------------------------
B31-1                                                                                                           
11/17/2016 LOADCASES AND COMBINATIONS                             BENTLEY                                       
12:05 PM                                                          AutoPIPE Nuclear 11.00.00.12   MODEL  PAGE   2
----------------------------------------------------------------------------------------------------------------

                  C O M P O N E N T   D A T A   L I S T I N G                                                   
                                                                                                                
 POINT DATA:                                                                    
   A02, Coordinates, X= 8.00 ft, Y= 0.00 ft, Z= 0.00 ft                         
   A02 N, Coordinates, X= 7.25 ft, Y= 0.00 ft, Z= 0.00 ft                       
   A02 F, Coordinates, X= 8.00 ft, Y= 0.75 ft, Z= 0.00 ft                       
 
 -------------------------------------------------------------------------------
 From A03 to A04, DY= 4.00 ft                                               Run 
 
 POINT DATA:                                                                    
   A03, Coordinates, X= 8.00 ft, Y= 4.00 ft, Z= 0.00 ft                         
   A03, Forces/Moments, Load= U4, FX= 25000 lbf, MY= 25000 ft-lb                
   A03, Cut= -1.00 in, Load= U6                                                 
 
 -------------------------------------------------------------------------------
 From A04 to A05, DY= 1.00 ft                                               Run 
 
 POINT DATA:                                                                    
   A04, Coordinates, X= 8.00 ft, Y= 8.00 ft, Z= 0.00 ft                         
 
 -------------------------------------------------------------------------------
 From A05 to A06, DX= 4.00 ft                                               Bend
 
 COMPONENT DATA (Bend, TIP= A05, Near= A05 N, Far= A05 F):                      
   Long Elbow, Radius= 9.00 inch, Bend angle= 90.00 deg, End flanges= 0, Flex= Auto, SIF= 3.82                  
 
 POINT DATA:                                                                    
   A05, Coordinates, X= 8.00 ft, Y= 9.00 ft, Z= 0.00 ft                         
   A05 N, Coordinates, X= 8.00 ft, Y= 8.25 ft, Z= 0.00 ft                       
   A05 F, Coordinates, X= 8.75 ft, Y= 9.00 ft, Z= 0.00 ft                       
 
 -------------------------------------------------------------------------------
 From A06 to A07, DX= 1.00 ft                                               Run 
 
 POINT DATA:                                                                    
   A06, Coordinates, X= 12.00 ft, Y= 9.00 ft, Z= 0.00 ft                        
 
 -------------------------------------------------------------------------------
 From A07 to A08, DZ= -4.00 ft                                              Bend
 
 COMPONENT DATA (Bend, TIP= A07, Near= A07 N, Far= A07 F):                      
   Long Elbow, Radius= 9.00 inch, Bend angle= 90.00 deg, End flanges= 0, Flex= Auto, SIF= 3.82                  
 
 POINT DATA:                                                                    
   A07, Coordinates, X= 13.00 ft, Y= 9.00 ft, Z= 0.00 ft                        
   A07 N, Coordinates, X= 12.25 ft, Y= 9.00 ft, Z= 0.00 ft                      
   A07 F, Coordinates, X= 13.00 ft, Y= 9.00 ft, Z= -0.75 ft                     
 
 -------------------------------------------------------------------------------
 From A08 to A09, DZ= -4.00 ft                                              Tee 
 
 COMPONENT DATA (Tee Header, Center= A08):                                      
   B16.9 welding tee, SIF= 2.81                                                 
 
 POINT DATA:                                                                    
   A08, Coordinates, X= 13.00 ft, Y= 9.00 ft, Z= -4.00 ft                       

----------------------------------------------------------------------------------------------------------------
B31-1                                                                                                           
11/17/2016 LOADCASES AND COMBINATIONS                             BENTLEY                                       
12:05 PM                                                          AutoPIPE Nuclear 11.00.00.12   MODEL  PAGE   3
----------------------------------------------------------------------------------------------------------------

                  C O M P O N E N T   D A T A   L I S T I N G                                                   
                                                                                                                
   A09, Coordinates, X= 13.00 ft, Y= 9.00 ft, Z= -8.00 ft                       
 
 SUPPORT DATA:                                                                  
   A09, Anchor, KTX= Rigid, KTY= Rigid, KTZ= Rigid, KRX= Rigid, KRY= Rigid, KRZ= Rigid                          
 
 -------------------------------------------------------------------------------
 -------------------------------------------------------------------------------
 *** SEGMENT B                                                                  
 
 -------------------------------------------------------------------------------
 From A08 to B01, DX= 4.00 ft                                               Tee 
 
 COMPONENT DATA (Tee Branch, Center= A08):                                      
   B16.9 welding tee, SIF= 2.81                                                 
 
 PIPE DATA:                                                                     
   Pipe Id= 6, Pipe Density= 501.00 lb/cu.ft, Pipe Unit Wgt= 9.51 lb/ft         
 
 POINT DATA:                                                                    
   A08, Coordinates, X= 13.00 ft, Y= 9.00 ft, Z= -4.00 ft                       
   A08, Displacements, Load= U5, DY= -2.00 in, RX= -10.000 deg                  
   B01, Coordinates, X= 17.00 ft, Y= 9.00 ft, Z= -4.00 ft                       
 
 SUPPORT DATA:                                                                  
   A08, Variable Spring Hanger, Support Id= A08  1, Connected to Ground, 1 hanger(s), Comp.Wt = 0.000 lb,       
   Stiffness= RIGID, Preload= 0 lbf                                             
   B01, Anchor, KTX= Rigid, KTY= Rigid, KTZ= Rigid, KRX= Rigid, KRY= Rigid, KRZ= Rigid                          
 
 -------------------------------------------------------------------------------
 
 
 Number of points in the system (Pipe + Frame + Soil): 23 + 0 + 0 = 23          
 
 
 Weight of Empty Pipes + Weight of Contents = Total Weight of System            
          849.5 lb     +         0.0 lb     =         849.5 lb                  
 

----------------------------------------------------------------------------------------------------------------
B31-1                                                                                                           
11/17/2016 LOADCASES AND COMBINATIONS                             BENTLEY                                       
12:05 PM                                                          AutoPIPE Nuclear 11.00.00.12   MODEL  PAGE   4
----------------------------------------------------------------------------------------------------------------

 C O O R D I N A T E S   D A T A   L I S T I N G                                                                
                                                                                                                
 POINT   --------COORDINATE (ft   )---------                                                                    
 NAME         X           Y           Z                                                                         
 -----   ----------- ----------- -----------                                                                    
 *** SEGMENT A                                                                  
 A00            0.00        0.00        0.00                                    
 A01            4.00        0.00        0.00                                    
 A01 M          4.69        0.00        0.00                                    
 A10            5.38        0.00        0.00                                    
 A02 N          7.25        0.00        0.00                                    
 A02            8.00        0.00        0.00                                    
 A02 F          8.00        0.75        0.00                                    
 A03            8.00        4.00        0.00                                    
 A04            8.00        8.00        0.00                                    
 A05 N          8.00        8.25        0.00                                    
 A05            8.00        9.00        0.00                                    
 A05 F          8.75        9.00        0.00                                    
 A06           12.00        9.00        0.00                                    
 A07 N         12.25        9.00        0.00                                    
 A07           13.00        9.00        0.00                                    
 A07 F         13.00        9.00       -0.75                                    
 A08           13.00        9.00       -4.00                                    
 A09           13.00        9.00       -8.00                                    
 
 *** SEGMENT B                                                                  
 A08           13.00        9.00       -4.00                                    
 B01           17.00        9.00       -4.00                                    

----------------------------------------------------------------------------------------------------------------
B31-1                                                                                                           
11/17/2016 LOADCASES AND COMBINATIONS                             BENTLEY                                       
12:05 PM                                                          AutoPIPE Nuclear 11.00.00.12   MODEL  PAGE   5
----------------------------------------------------------------------------------------------------------------

                      P I P E   D A T A   L I S T I N G                                                         
                                                                                                                
 Pipe ID/     Nom/ O.D.  -----Thickness(inch)----- Spec  InsuDen/   Weight(lb/ft )    ZL/ Composition/          
 Material     Sch  inch  W.Th. Corr Mill Insu Ling Grav/ LingDen/  Pipe/ Ling/ Total  ZC/                       
 CladMaterial            Clad                      InsMt CladDen   Cont  Insu/        f                         
 ---Line Class---                                        lb/cu.ft        Clad                                   
 ------------ ---- ----- ----- ---- ---- ---- ---- ----- --------  ----- ----- ----- ---- --------------------  
 
 Tag No. : <None>                                                               
 6              6  6.625 0.134    0 0.02    0    0     0    0.000   9.51     0  9.51 1.00                       
 A403-WP316   10S                                           0.000      0     0       1.00                       
                             0                              0.000            0       1.00                       
                                                                                
 

----------------------------------------------------------------------------------------------------------------
B31-1                                                                                                           
11/17/2016 LOADCASES AND COMBINATIONS                             BENTLEY                                       
12:05 PM                                                          AutoPIPE Nuclear 11.00.00.12   MODEL  PAGE   6
----------------------------------------------------------------------------------------------------------------

               M A T E R I A L   D A T A   L I S T I N G                                                        
                                                                                                                
  Material            Density  Pois. Temper.       Modulus E6 psi       Expans.  Composition                    
    Name     Pipe ID  lb/cu.ft Ratio deg F    Axial     Hoop    Shear   in/100ft                                
------------ -------- -------- ----- ------- -------- -------- -------- -------- -------------------            
 A403-WP316  6           501.0  0.30    68.0   28.309   28.309   10.888                              
                                        86.0   28.214                     0.1917
 

----------------------------------------------------------------------------------------------------------------
B31-1                                                                                                           
11/17/2016 LOADCASES AND COMBINATIONS                             BENTLEY                                       
12:05 PM                                                          AutoPIPE Nuclear 11.00.00.12   MODEL  PAGE   7
----------------------------------------------------------------------------------------------------------------

         M A T E R I A L   A L L O W A B L E   D A T A   L I S T I N G                                          
                                                                                                                
  Material            Temper. Allow.   Yield                                                                    
    Name     Pipe ID  deg F   psi      psi                                                                      
------------ -------- ------- -------- --------                                                                 
 A403-WP316  6           68.0  18800.0  30000.0
                         86.0  18800.0
 

----------------------------------------------------------------------------------------------------------------
B31-1                                                                                                           
11/17/2016 LOADCASES AND COMBINATIONS                             BENTLEY                                       
12:05 PM                                                          AutoPIPE Nuclear 11.00.00.12   MODEL  PAGE   8
----------------------------------------------------------------------------------------------------------------

        OPERATING TEMPERATURE AND PRESSURE DATA                                                                 
                    STRESSES IN psi                                                                             
                                                                                                                
 POINT       PRESS. TEMPER  EXPAN.      MODULUS    ALLOW                                                        
 NAME  CASE  psi    deg F   in/100ft    E6 psi     STRESS                                                       
 ----  ----  ------ ------  --------    -------    ------                                                       
 
 *** SEGMENT A 
 A00   T1       145  86.00     0.192     28.214     18800                     
       T2       145  86.00     0.192     28.214     18800                     
       T3       145  86.00     0.192     28.214     18800                     
 A09    Same as previous point.          
 
 *** SEGMENT B 
 A08   T1       145  86.00     0.192     28.214     18800                     
       T2       145  86.00     0.192     28.214     18800                     
       T3       145  86.00     0.192     28.214     18800                     
 B01    Same as previous point.          
 
 
u  User-defined value                                                           
*  Non-code material for allowable stress;                                      
   Non-standard material for expansion and modulus                              
 

----------------------------------------------------------------------------------------------------------------
B31-1                                                                                                           
11/17/2016 LOADCASES AND COMBINATIONS                             BENTLEY                                       
12:05 PM                                                          AutoPIPE Nuclear 11.00.00.12   MODEL  PAGE   9
----------------------------------------------------------------------------------------------------------------

                            FORCES AND DISPLACEMENTS                                                            
   (Force - lbf , Moment - ft-lb , Tran. - in  , Rot. - deg  , Line - lb/ft  )                                  
    POINT  LOAD                                                                                                 
    NAME   CASE  TYPE      X        Y        Z        XX       YY       ZZ                                      
    -----  ----  ----  -------- -------- --------  -------- -------- --------                                   
    A00    U7    FORCE        0        4        0        0        0        0    
           U92   DISPL     0.00  4000.00     5.00    0.000    0.000    0.000    
 
    A01    U14   DISPL     1.00     2.00     3.00    0.000    0.000    0.000    
    *** W712-30: No support at this point                                       
 
    A10    U32   FORCE        1        2        1        0        0        0    
 
    A03    U4    FORCE    25000        0        0        0    25000        0    
 
    A08    U5    DISPL     0.00    -2.00     0.00  -10.000    0.000    0.000    

----------------------------------------------------------------------------------------------------------------
B31-1                                                                                                           
11/17/2016 LOADCASES AND COMBINATIONS                             BENTLEY                                       
12:05 PM                                                          AutoPIPE Nuclear 11.00.00.12   MODEL  PAGE  10
----------------------------------------------------------------------------------------------------------------

                               S U P P O R T   D A T A   L I S T I N G                                          
                                                                                                                
 Point Support  Support Conn.to Comp.Wt  Stiff.     Gap 1   Gap 2  Fric. GapSet Preload Ld.Var Size    Figure   
 Name   Type      ID     /Dir    (lb)               (in)    (in)   Fact. /#hgr   (lbf)                          
 ----- -------- ------- ------- ------- ---------- ------- ------- ----- ------ ------- ------ ---- ------------
 
 Tag No.: <None>                                Attachment ID: <None>                                           
*A08   Spr. Hgr A08  1  Ground    0.000 Rigid                             1-Des       0                         
 
 
 Spring Manufacturer:                                                           
 NOTE 1: No soil supports present in the system.                                
 Gap 1 : V-stop,Guide-V=down, Linestop,Incline,Tie/link=backward, Guide-H=Left  
 Gap 2 : V-stop,Guide-V=Up  , Linestop,Incline,Tie/link=forward , Guide-H=Right 
 *     : Point with imposed support displacement.                               
 Stiffness units for rotation support: ft-lb/deg, all others: lb/in             

----------------------------------------------------------------------------------------------------------------
B31-1                                                                                                           
11/17/2016 LOADCASES AND COMBINATIONS                             BENTLEY                                       
12:05 PM                                                          AutoPIPE Nuclear 11.00.00.12   MODEL  PAGE  11
----------------------------------------------------------------------------------------------------------------

                    B E N D   D A T A   L I S T I N G                                                           
                                                                                                                
 Point Bend  Radius  Angle    OD    tnom  Material   Flan^   SIF   SIF   Analysis  Flexibility  Pressure Case   
 Name  Type   (in)   (deg)   (in)   (in)             /Cuts   in    out     Set         (K)                      
 ----- ----- ------- -----  ------  ----- --------   ----- -----  -----  --------  -----------  --------------  
 A02   Elbow   9.00L  90.0   6.625  0.134 A403-WP316   0/0  3.82   3.82    1          14.41     None            
                                                            3.82   3.82    2          14.41     None            
                                                            3.82   3.82    3          14.41     None            
 A05   Elbow   9.00L  90.0   6.625  0.134 A403-WP316   0/0  3.82   3.82    1          14.41     None            
                                                            3.82   3.82    2          14.41     None            
                                                            3.82   3.82    3          14.41     None            
 A07   Elbow   9.00L  90.0   6.625  0.134 A403-WP316   0/0  3.82   3.82    1          14.41     None            
                                                            3.82   3.82    2          14.41     None            
                                                            3.82   3.82    3          14.41     None            
                                                                                
                                                                                
 ^ = Number of bend ends where either a flange or valve is within distance      
    (L/D) x Nominal diameter, where L/D is defined under Tools > Model options > Edit                           
 L = Long radius                                                                

----------------------------------------------------------------------------------------------------------------
B31-1                                                                                                           
11/17/2016 LOADCASES AND COMBINATIONS                             BENTLEY                                       
12:05 PM                                                          AutoPIPE Nuclear 11.00.00.12   MODEL  PAGE  12
----------------------------------------------------------------------------------------------------------------

                     T E E   D A T A   L I S T I N G                                                            
                 Pipe   Pipe                      **Crotch *Crotch                                              
 Point  Point     OD    Thk.   Material     Tee     Radius  Thick   SIF    SIF                                  
 Name  Seg-Type  (in)    (in)               Type     (in)   (in)    in     out                                  
 ----- -------- ------ ------  ---------   -------- ------  ------ -----  -----                                 
 A08   A-Header  6.625  0.134  A403-WP316  Welding                  2.81   2.81 
       B-Branch  6.625  0.134  A403-WP316                                       
 
                                                                                
 * = Pad thickness for reinforced tee.                                          
 **= Fillet radius for Raised tee or discontinuity dist. for Thickened tee.     

----------------------------------------------------------------------------------------------------------------
B31-1                                                                                                           
11/17/2016 LOADCASES AND COMBINATIONS                             BENTLEY                                       
12:05 PM                                                          AutoPIPE Nuclear 11.00.00.12   MODEL  PAGE  13
----------------------------------------------------------------------------------------------------------------

                    V A L V E   D A T A   L I S T I N G                                                         
                              Valve   Actuator       Actuator                            Size  Type             
 Point          Dnom  Length  Weight  Weight    DX      DY      DZ          Joint        /Avg. /Max.            
 Name   Type    (in)   (ft)   (lb)    (lb)     (ft)    (ft)    (ft)    SAF  Type    SIF  (in)  (in)             
 ----- -------- ---- -------- ------  ------  ------- ------- ------- ----- ------- ---- ----- -----            
 
 Tag No. : <None>                                                               
 A01   CATALOG     6     1.38    500                                   5.10 WN      1.00                        

----------------------------------------------------------------------------------------------------------------
B31-1                                                                                                           
11/17/2016 LOADCASES AND COMBINATIONS                             BENTLEY                                       
12:05 PM                                                          AutoPIPE Nuclear 11.00.00.12   MODEL  PAGE  14
----------------------------------------------------------------------------------------------------------------

                   C A T A L O G   V A L V E   D A T A   L I S T I N G                                          
 Point Name  : A01                                                              
 Manufacturer: AutoPIPE Generic                                                 
 Standard    : ANSI/ASME                                                        
 Sub Category: Gate Valves                                                      
 Type        : Gate Valves                                                      
 Main End    : FL                                                               
 Rating      : 300                                                              
                                                                                

----------------------------------------------------------------------------------------------------------------
B31-1                                                                                                           
11/17/2016 LOADCASES AND COMBINATIONS                             BENTLEY                                       
12:05 PM                                                          AutoPIPE Nuclear 11.00.00.12   MODEL  PAGE  15
----------------------------------------------------------------------------------------------------------------

                    F L A N G E   D A T A   L I S T I N G                                                       
                                   Flange  Bolt               Size  Type                                        
 Point FLG            Dnom         Weight Weight Joint        /Avg. /Max. ANSI                                  
 Name  No.   Type     (in)  Rating  (lb)   (lb)  Type    SIF  (in)  (in)  Check                                 
 ----- ---- -------- ------ ------ ------ ------ ------- ---- ----- ----- -----                                 
 Tag No. : <None>                                                               
 A01    1   WELDNECK      6 NS      24.30   0.00 WN      1.00             No    
 Tag No. : <None>                                                               
 A10    1   WELDNECK      6 NS      24.30   0.00 WN      1.00             No    
